<script>
jQuery(function ($) {
    $(".foldergallery_group").colorbox({"rel":"foldergallery_group","maxWidth":"100%","maxHeight":"100%","current":"image {current} of {total}","previous":"previous","next":"next","close":"close","imgError":"This image failed to load."});
});
</script>
