<div class="foldergallery">
    <div class="foldergallery_locator">
        <span>Start</span>
    </div>
    <div class="foldergallery_figures">
    </div>
</div>
