<link rel="stylesheet" href="./plugins/foldergallery/colorbox/colorbox.css" type="text/css">
