<!-- foldergallery colorbox -->
<link rel="stylesheet" href="./plugins/foldergallery/lib/colorbox/colorbox.css" type="text/css">
