<!-- foldergallery photoswipe -->
<link rel="stylesheet" href="./plugins/foldergallery/lib/photoswipe/photoswipe.css">
<link rel="stylesheet" href="./plugins/foldergallery/lib/photoswipe/default-skin/default-skin.css">
<script src="./plugins/foldergallery/lib/photoswipe/photoswipe.min.js"></script>
<script src="./plugins/foldergallery/lib/photoswipe/photoswipe-ui-default.min.js"></script>
