<p class="xh_fail">The front-end 'Unsupported' is not supported!</p>
<!-- foldergallery gallery -->
<div class="foldergallery">
  <div class="foldergallery_locator">
    <span>Start</span>
  </div>
  <div class="foldergallery_figures">
    <figure class="foldergallery_folder">
      <a href="/?Gallery&amp;foldergallery_folder=sub">
        <img src="./plugins/foldergallery/cache/798d64164c925053c757bce207f14a5beeea2527.jpg" srcset="./plugins/foldergallery/cache/798d64164c925053c757bce207f14a5beeea2527.jpg 1x, ./plugins/foldergallery/cache/90f9ff2fdd5b5eeadbebc6389834f03271d8abbc.jpg 2x, ./plugins/foldergallery/cache/7c2941af8c00e286f85a0b5fd63cdc5b268c7275.jpg 3x" alt="sub">
      </a> 
      <figcaption>sub</figcaption>
    </figure>
    <figure class="foldergallery_image">
      <a class="foldergallery_group" href="./userfiles/images/test/Foto.jpg" data-size="1520x2688">
        <img src="./plugins/foldergallery/cache/987063af227eefe7990217434bf913e66e05194b.jpg" srcset="./plugins/foldergallery/cache/987063af227eefe7990217434bf913e66e05194b.jpg 1x, ./plugins/foldergallery/cache/cd61be09e4859ba1cb621fa7555c534d01b72562.jpg 2x, ./plugins/foldergallery/cache/0f7a1df87f33789abad3b6449d8f8738635aac39.jpg 3x" alt="Foto">
      </a>
      <figcaption>Foto</figcaption>
    </figure>
  </div>
</div>
